// Jest Snapshot v1, https://goo.gl/fbAQLP

exports[`test Event Rule Construct 1`] = `
Object {
  "Parameters": Object {
    "AssetParameters9156caeb254559603fd97547247ed9f99c7792fb84a3d14a4e1e18dffe185ac8ArtifactHashA1E1664C": Object {
      "Description": "Artifact hash for asset \\"9156caeb254559603fd97547247ed9f99c7792fb84a3d14a4e1e18dffe185ac8\\"",
      "Type": "String",
    },
    "AssetParameters9156caeb254559603fd97547247ed9f99c7792fb84a3d14a4e1e18dffe185ac8S3Bucket819FA92C": Object {
      "Description": "S3 bucket for asset \\"9156caeb254559603fd97547247ed9f99c7792fb84a3d14a4e1e18dffe185ac8\\"",
      "Type": "String",
    },
    "AssetParameters9156caeb254559603fd97547247ed9f99c7792fb84a3d14a4e1e18dffe185ac8S3VersionKey39AE6506": Object {
      "Description": "S3 key for asset version \\"9156caeb254559603fd97547247ed9f99c7792fb84a3d14a4e1e18dffe185ac8\\"",
      "Type": "String",
    },
  },
  "Resources": Object {
    "EventRuleEventRule0FC2BB61D": Object {
      "Properties": Object {
        "EventBusName": Object {
          "Ref": "EventRuleInferenceEventsB6AAA802",
        },
        "EventPattern": Object {
          "account": Array [
            Object {
              "Ref": "AWS::AccountId",
            },
          ],
          "region": Array [
            Object {
              "Ref": "AWS::Region",
            },
          ],
          "source": Array [
            "com.test",
          ],
        },
        "State": "ENABLED",
        "Targets": Array [
          Object {
            "Arn": Object {
              "Fn::GetAtt": Array [
                "LambdaFunctionBF21E41F",
                "Arn",
              ],
            },
            "Id": "Target0",
          },
        ],
      },
      "Type": "AWS::Events::Rule",
    },
    "EventRuleInferenceEventsB6AAA802": Object {
      "Properties": Object {
        "Name": "-AppIntegration",
      },
      "Type": "AWS::Events::EventBus",
    },
    "LambdaFunctionAllowEventRuleEventRuleEventRule080442C92991593C9": Object {
      "Properties": Object {
        "Action": "lambda:InvokeFunction",
        "FunctionName": Object {
          "Fn::GetAtt": Array [
            "LambdaFunctionBF21E41F",
            "Arn",
          ],
        },
        "Principal": "events.amazonaws.com",
        "SourceArn": Object {
          "Fn::GetAtt": Array [
            "EventRuleEventRule0FC2BB61D",
            "Arn",
          ],
        },
      },
      "Type": "AWS::Lambda::Permission",
    },
    "LambdaFunctionBF21E41F": Object {
      "DependsOn": Array [
        "LambdaFunctionServiceRole0C4CDE0B",
      ],
      "Metadata": Object {
        "cfn_nag": Object {
          "rules_to_suppress": Array [
            Object {
              "id": "W58",
              "reason": "Lambda functions has the required permission to write CloudWatch Logs. It uses custom policy instead of arn:aws:iam::aws:policy/service-role/AWSLambdaBasicExecutionRole with more tighter permissions.",
            },
          ],
        },
      },
      "Properties": Object {
        "Code": Object {
          "S3Bucket": Object {
            "Ref": "AssetParameters9156caeb254559603fd97547247ed9f99c7792fb84a3d14a4e1e18dffe185ac8S3Bucket819FA92C",
          },
          "S3Key": Object {
            "Fn::Join": Array [
              "",
              Array [
                Object {
                  "Fn::Select": Array [
                    0,
                    Object {
                      "Fn::Split": Array [
                        "||",
                        Object {
                          "Ref": "AssetParameters9156caeb254559603fd97547247ed9f99c7792fb84a3d14a4e1e18dffe185ac8S3VersionKey39AE6506",
                        },
                      ],
                    },
                  ],
                },
                Object {
                  "Fn::Select": Array [
                    1,
                    Object {
                      "Fn::Split": Array [
                        "||",
                        Object {
                          "Ref": "AssetParameters9156caeb254559603fd97547247ed9f99c7792fb84a3d14a4e1e18dffe185ac8S3VersionKey39AE6506",
                        },
                      ],
                    },
                  ],
                },
              ],
            ],
          },
        },
        "Environment": Object {
          "Variables": Object {
            "AWS_NODEJS_CONNECTION_REUSE_ENABLED": "1",
            "STREAM_NAME": "test-stream",
          },
        },
        "Handler": "index.handler",
        "Role": Object {
          "Fn::GetAtt": Array [
            "LambdaFunctionServiceRole0C4CDE0B",
            "Arn",
          ],
        },
        "Runtime": "nodejs12.x",
      },
      "Type": "AWS::Lambda::Function",
    },
    "LambdaFunctionServiceRole0C4CDE0B": Object {
      "Properties": Object {
        "AssumeRolePolicyDocument": Object {
          "Statement": Array [
            Object {
              "Action": "sts:AssumeRole",
              "Effect": "Allow",
              "Principal": Object {
                "Service": "lambda.amazonaws.com",
              },
            },
          ],
          "Version": "2012-10-17",
        },
        "Policies": Array [
          Object {
            "PolicyDocument": Object {
              "Statement": Array [
                Object {
                  "Action": Array [
                    "logs:CreateLogGroup",
                    "logs:CreateLogStream",
                    "logs:PutLogEvents",
                  ],
                  "Effect": "Allow",
                  "Resource": Object {
                    "Fn::Join": Array [
                      "",
                      Array [
                        "arn:aws:logs:",
                        Object {
                          "Ref": "AWS::Region",
                        },
                        ":",
                        Object {
                          "Ref": "AWS::AccountId",
                        },
                        ":log-group:/aws/lambda/*",
                      ],
                    ],
                  },
                },
              ],
              "Version": "2012-10-17",
            },
            "PolicyName": "LambdaFunctionServiceRolePolicy",
          },
        ],
      },
      "Type": "AWS::IAM::Role",
    },
  },
}
`;
