// Jest Snapshot v1, https://goo.gl/fbAQLP

exports[`QS custom resource creation 1`] = `
Object {
  "Parameters": Object {
    "AssetParameters47bcd4ba11b0378fd41c5acc8c4730fb7fd860821abf9b9c19ce4f4ad263d5ccArtifactHash530DA107": Object {
      "Description": "Artifact hash for asset \\"47bcd4ba11b0378fd41c5acc8c4730fb7fd860821abf9b9c19ce4f4ad263d5cc\\"",
      "Type": "String",
    },
    "AssetParameters47bcd4ba11b0378fd41c5acc8c4730fb7fd860821abf9b9c19ce4f4ad263d5ccS3BucketF9DBAF3D": Object {
      "Description": "S3 bucket for asset \\"47bcd4ba11b0378fd41c5acc8c4730fb7fd860821abf9b9c19ce4f4ad263d5cc\\"",
      "Type": "String",
    },
    "AssetParameters47bcd4ba11b0378fd41c5acc8c4730fb7fd860821abf9b9c19ce4f4ad263d5ccS3VersionKeyA9CD1D5B": Object {
      "Description": "S3 key for asset version \\"47bcd4ba11b0378fd41c5acc8c4730fb7fd860821abf9b9c19ce4f4ad263d5cc\\"",
      "Type": "String",
    },
  },
  "Resources": Object {
    "testQSConstructCustomResource61E8811D": Object {
      "DependsOn": Array [
        "testQSConstructQSCustomResourcePolicy4A5596ED",
        "testRole836465CB",
      ],
      "Properties": Object {
        "Code": Object {
          "S3Bucket": Object {
            "Ref": "AssetParameters47bcd4ba11b0378fd41c5acc8c4730fb7fd860821abf9b9c19ce4f4ad263d5ccS3BucketF9DBAF3D",
          },
          "S3Key": Object {
            "Fn::Join": Array [
              "",
              Array [
                Object {
                  "Fn::Select": Array [
                    0,
                    Object {
                      "Fn::Split": Array [
                        "||",
                        Object {
                          "Ref": "AssetParameters47bcd4ba11b0378fd41c5acc8c4730fb7fd860821abf9b9c19ce4f4ad263d5ccS3VersionKeyA9CD1D5B",
                        },
                      ],
                    },
                  ],
                },
                Object {
                  "Fn::Select": Array [
                    1,
                    Object {
                      "Fn::Split": Array [
                        "||",
                        Object {
                          "Ref": "AssetParameters47bcd4ba11b0378fd41c5acc8c4730fb7fd860821abf9b9c19ce4f4ad263d5ccS3VersionKeyA9CD1D5B",
                        },
                      ],
                    },
                  ],
                },
              ],
            ],
          },
        },
        "Handler": "lambda_function.handler",
        "Role": Object {
          "Fn::GetAtt": Array [
            "testRole836465CB",
            "Arn",
          ],
        },
        "Runtime": "python3.8",
        "Timeout": 30,
      },
      "Type": "AWS::Lambda::Function",
    },
    "testQSConstructQSCustomResourcePolicy4A5596ED": Object {
      "Metadata": Object {
        "cfn_nag": Object {
          "rules_to_suppress": Array [
            Object {
              "id": "W12",
              "reason": "The DescribeTemplate API call requires the resource to '*' in us-east-1.",
            },
          ],
        },
      },
      "Properties": Object {
        "PolicyDocument": Object {
          "Statement": Array [
            Object {
              "Action": Array [
                "quicksight:CreateAnalysis",
                "quicksight:DeleteAnalysis",
                "quicksight:CreateDataSet",
                "quicksight:DeleteDataSet",
                "quicksight:CreateDataSource",
                "quicksight:DeleteDataSource",
                "quicksight:Describe*",
                "quicksight:Get*",
                "quicksight:List*",
                "quicksight:PassDataSet",
                "quicksight:PassDataSource",
                "quicksight:RestoreAnalysis",
                "quicksight:SearchAnalyses",
                "quicksight:CreateDashboard",
                "quicksight:DeleteDashboard",
              ],
              "Effect": "Allow",
              "Resource": Object {
                "Fn::Join": Array [
                  "",
                  Array [
                    "arn:",
                    Object {
                      "Ref": "AWS::Partition",
                    },
                    ":quicksight:",
                    Object {
                      "Ref": "AWS::Region",
                    },
                    ":",
                    Object {
                      "Ref": "AWS::AccountId",
                    },
                    ":*/*",
                  ],
                ],
              },
            },
            Object {
              "Action": "quicksight:DescribeTemplate",
              "Effect": "Allow",
              "Resource": "arn:some-parition:quicksight:some-region:fakeaccountid:template/solution_solution-name-v_1_0",
            },
          ],
          "Version": "2012-10-17",
        },
        "PolicyName": "testQSConstructQSCustomResourcePolicy4A5596ED",
        "Roles": Array [
          Object {
            "Ref": "testRole836465CB",
          },
        ],
      },
      "Type": "AWS::IAM::Policy",
    },
    "testQSConstructQuickSightResourcesA23CC3B0": Object {
      "DeletionPolicy": "Delete",
      "DependsOn": Array [
        "testQSConstructQSCustomResourcePolicy4A5596ED",
      ],
      "Properties": Object {
        "ApplicationName": "solution-name",
        "LogLevel": "INFO",
        "QuickSightPrincipalArn": "arn:some-partition:quicksight:some-region:fakeaccountid:user/namespace/some-role/some-user",
        "QuickSightSourceTemplateArn": "arn:some-parition:quicksight:some-region:fakeaccountid:template/solution_solution-name-v_1_0",
        "Resource": "all",
        "ServiceToken": Object {
          "Fn::GetAtt": Array [
            "testQSConstructCustomResource61E8811D",
            "Arn",
          ],
        },
        "StackName": Object {
          "Ref": "AWS::StackName",
        },
        "WorkGroupName": "testGroup",
      },
      "Type": "Custom::QuickSightResources",
      "UpdateReplacePolicy": "Delete",
    },
    "testRole836465CB": Object {
      "Properties": Object {
        "AssumeRolePolicyDocument": Object {
          "Statement": Array [
            Object {
              "Action": "sts:AssumeRole",
              "Effect": "Allow",
              "Principal": Object {
                "Service": "lambda.amazonaws.com",
              },
            },
          ],
          "Version": "2012-10-17",
        },
      },
      "Type": "AWS::IAM::Role",
    },
  },
}
`;
