// Jest Snapshot v1, https://goo.gl/fbAQLP

exports[`test workflow stack 1`] = `
Object {
  "Resources": Object {
    "ImgTxtEntityTable04E44814": Object {
      "Properties": Object {
        "CatalogId": Object {
          "Ref": "AWS::AccountId",
        },
        "DatabaseName": Object {
          "Ref": "TestDB27CDA92F",
        },
        "TableInput": Object {
          "Description": "img_text_entity generated by CDK",
          "Name": "img_text_entity",
          "Parameters": Object {
            "has_encrypted_data": false,
          },
          "PartitionKeys": Array [],
          "StorageDescriptor": Object {
            "Columns": Array [
              Object {
                "Name": "account_name",
                "Type": "string",
              },
              Object {
                "Name": "platform",
                "Type": "string",
              },
              Object {
                "Name": "search_query",
                "Type": "string",
              },
              Object {
                "Name": "id_str",
                "Type": "string",
              },
              Object {
                "Name": "created_at",
                "Type": "timestamp",
              },
              Object {
                "Name": "text",
                "Type": "string",
              },
              Object {
                "Name": "entity_text",
                "Type": "string",
              },
              Object {
                "Name": "entity_type",
                "Type": "string",
              },
              Object {
                "Name": "entity_score",
                "Type": "double",
              },
              Object {
                "Name": "entity_begin_offset",
                "Type": "int",
              },
              Object {
                "Name": "entity_end_offset",
                "Type": "int",
              },
              Object {
                "Name": "image_url",
                "Type": "string",
              },
            ],
            "Compressed": false,
            "InputFormat": "org.apache.hadoop.mapred.TextInputFormat",
            "Location": Object {
              "Fn::Join": Array [
                "",
                Array [
                  "s3://",
                  Object {
                    "Ref": "TestBucket560B80BC",
                  },
                  "/txtinimgentity",
                ],
              ],
            },
            "OutputFormat": "org.apache.hadoop.hive.ql.io.HiveIgnoreKeyTextOutputFormat",
            "SerdeInfo": Object {
              "SerializationLibrary": "org.openx.data.jsonserde.JsonSerDe",
            },
            "StoredAsSubDirectories": false,
          },
          "TableType": "EXTERNAL_TABLE",
        },
      },
      "Type": "AWS::Glue::Table",
    },
    "TestBucket560B80BC": Object {
      "DeletionPolicy": "Retain",
      "Type": "AWS::S3::Bucket",
      "UpdateReplacePolicy": "Retain",
    },
    "TestDB27CDA92F": Object {
      "Properties": Object {
        "CatalogId": Object {
          "Ref": "AWS::AccountId",
        },
        "DatabaseInput": Object {
          "Name": "socialmedia",
        },
      },
      "Type": "AWS::Glue::Database",
    },
  },
}
`;
